[
  {
    "word": "obese",
    "partOfSpeech": "adjective"
  },
  {
    "word": "cat",
    "partOfSpeech": "noun"
  },
  {
    "word": "rolls",
    "partOfSpeech": "verb"
  },
  {
    "word": "over",
    "partOfSpeech": "all"
  },
  {
    "word": "reluctantly",
    "partOfSpeech": "adverb"
  },
  {
    "word": "than",
    "partOfSpeech": "adverb"
  }
]
